// Jest Snapshot v1, https://goo.gl/fbAQLP

exports[`Pruebas en <ProductItem /> debe mostrar el producto correctamente 1`] = `
<ProductItem
  product={
    Object {
      "category": "men's clothing",
      "description": "Your perfect pack for everyday use and walks in the forest. Stash your laptop (up to 15 inches) in the padded sleeve, your everyday",
      "id": 1,
      "image": "https://fakestoreapi.com/img/81fPKd-2AYL._AC_SL1500_.jpg",
      "price": 109.95,
      "title": "Fjallraven - Foldsack No. 1 Backpack, Fits 15 Laptops",
    }
  }
/>
`;
